<html>
<body>
<pre>
<h1>礦ision Build Log</h1>
<h2>Tool Versions:</h2>
IDE-Version: μVision V5.14.0.0
Copyright (C) 2015 ARM Ltd and ARM Germany GmbH. All rights reserved.
License Information: 123 123, 123, LIC=CZLZX-HRWC8-63MMB-29GUS-QQ66Z-BQ0WX
 
Tool Versions:
Toolchain:       MDK-ARM Standard  Version: 5.14.0.0
Toolchain Path:  D:\MDK  5\ARM\ARMCC\Bin
C Compiler:      Armcc.exe V5.05 update 1 (build 106)
Assembler:       Armasm.exe V5.05 update 1 (build 106)
Linker/Locator:  ArmLink.exe V5.05 update 1 (build 106)
Library Manager: ArmAr.exe V5.05 update 1 (build 106)
Hex Converter:   FromElf.exe V5.05 update 1 (build 106)
CPU DLL:         SARMCM3.DLL V5.14.0.0
Dialog DLL:      DARMCM1.DLL V1.12.0.0
Target DLL:      Segger\JL2CM3.dll V2.99.13.0
Dialog DLL:      TARMCM1.DLL V1.9.0.0
 
<h2>Project:</h2>
D:\项目管理\AHT20及21演示板\标准版本\程序\新建文件夹\V1.2\uart\HC32F003_DDL\example\uart\uart_int\MDK\uart_int.uvprojx
Project File Date:  02/01/2021

<h2>Output:</h2>
Build target 'uart_int_Release'
compiling main.c...
..\source\main.c(348): warning:  #550-D: variable "stcCfg" was set but never used
      stc_clk_config_t stcCfg;       //时钟初始化配置
..\source\main.c: 1 warning, 0 errors
linking...
Program Size: Code=14772 RO-data=528 RW-data=144 ZI-data=408  
FromELF: creating hex file...
".\output\release\uart_int.axf" - 0 Error(s), 1 Warning(s).

<h2>Software Packages used:</h2>

Package Vendor: ARM
                http://www.keil.com/pack/ARM.CMSIS.4.2.0.pack
                ARM::CMSIS:CORE:3.40.0
                CMSIS (Cortex Microcontroller Software Interface Standard)
   * Component: CORE Version: 3.40.0

<h2>Collection of Component include folders:</h2>
  D:\项目管理\AHT20及21演示板\标准版本\程序\新建文件夹\V1.2\uart\HC32F003_DDL\example\uart\uart_int\MDK\RTE
  D:\MDK  5\ARM\PACK\ARM\CMSIS\4.2.0\CMSIS\Include
  D:\MDK  5\ARM\PACK\HDSC\HC32F003\1.0.1

<h2>Collection of Component Files used:</h2>

   * Component: ARM::CMSIS:CORE:3.40.0
      Source file:   CMSIS\UserCodeTemplates\ARM\ITM_Retarget.c
</pre>
</body>
</html>
